---
source: src/lib.rs
input_file: tests/test_snapshots.py
---
[
  1,
  2,
  4
]
