Optional comment associated with the Exchange Document as a whole
