---
source: src/lib.rs
input_file: tests/test_snapshots.py
---
"foo,bar,ham
1,6,a
2,7,b
3,8,c
4,9,d
5,10,e
"
