---
source: src/lib.rs
input_file: tests/test_snapshots.py
---
{
  "assert_json_snapshot": "expected_result"
}
