---
source: src/lib.rs
input_file: tests/test_snapshots.py
---
"expected_result_2"
